../Src/spi_driver.c:23:24:spi1_wait_flag_set	24	static
../Src/spi_driver.c:36:24:spi1_wait_flag_clear	24	static
../Src/spi_driver.c:49:6:spi1_cs_low	4	static
../Src/spi_driver.c:54:6:spi1_cs_high	4	static
../Src/spi_driver.c:59:13:spi1_response_delay	16	static,ignoring_inline_asm
../Src/spi_driver.c:68:6:spi1_pa5_pa6_pa7_init_mode3_prescaler32	8	static
../Src/spi_driver.c:126:17:spi1_transfer_byte	24	static
../Src/spi_driver.c:159:17:spi1_transfer	32	static
../Src/spi_driver.c:187:17:spi1_send_then_read_byte	24	static
