10:31:47 **** Clean-only build of configuration Debug for project Plantilla_STM32F405RGT6 ****
make -j12 clean 
rm -rf ./Startup/startup_stm32f405rgtx.d ./Startup/startup_stm32f405rgtx.o
rm -rf ./Src/i2c_driver.cyclo ./Src/i2c_driver.d ./Src/i2c_driver.o ./Src/i2c_driver.su ./Src/main.cyclo ./Src/main.d ./Src/main.o ./Src/main.su ./Src/spi_driver.cyclo ./Src/spi_driver.d ./Src/spi_driver.o ./Src/spi_driver.su ./Src/syscalls.cyclo ./Src/syscalls.d ./Src/syscalls.o ./Src/syscalls.su ./Src/sysmem.cyclo ./Src/sysmem.d ./Src/sysmem.o ./Src/sysmem.su ./Src/system_clock_driver.cyclo ./Src/system_clock_driver.d ./Src/system_clock_driver.o ./Src/system_clock_driver.su ./Src/uart_driver.cyclo ./Src/uart_driver.d ./Src/uart_driver.o ./Src/uart_driver.su
rm -rf Plantilla_STM32F405RGT6.elf Plantilla_STM32F405RGT6.list Plantilla_STM32F405RGT6.map default.size.stdout
 
10:31:48 **** Incremental Build of configuration Debug for project Plantilla_STM32F405RGT6 ****
make -j12 all 
arm-none-eabi-gcc "../if_c/i2c_if.c" -mcpu=cortex-m4 -std=gnu11 -g3 -DDEBUG -DSTM32 -DSTM32F4 -DSTM32F405RGTx -c -I../Inc -I"C:/Users/son_e/STM32CubeIDE/workspace_2.1.1/PATHS/Material_Especialidad_2026-main/Material_Especialidad_2026-main/Clase_02_Chip_headers/Drivers/CMSIS/Device/ST/STM32F4xx/Include" -I"C:/Users/son_e/STM32CubeIDE/workspace_2.1.1/PATHS/Material_Especialidad_2026-main/Material_Especialidad_2026-main/Clase_02_Chip_headers/Drivers/CMSIS/Include" -I"C:/Users/son_e/STM32CubeIDE/WS_glider/Plantilla_STM32F405RGT6/if_h" -O0 -ffunction-sections -fdata-sections -Wall -fstack-usage -fcyclomatic-complexity -MMD -MP -MF"if_c/i2c_if.d" -MT"if_c/i2c_if.o" --specs=nano.specs -mfpu=fpv4-sp-d16 -mfloat-abi=hard -mthumb -o "if_c/i2c_if.o"
arm-none-eabi-gcc "../if_c/spi_if.c" -mcpu=cortex-m4 -std=gnu11 -g3 -DDEBUG -DSTM32 -DSTM32F4 -DSTM32F405RGTx -c -I../Inc -I"C:/Users/son_e/STM32CubeIDE/workspace_2.1.1/PATHS/Material_Especialidad_2026-main/Material_Especialidad_2026-main/Clase_02_Chip_headers/Drivers/CMSIS/Device/ST/STM32F4xx/Include" -I"C:/Users/son_e/STM32CubeIDE/workspace_2.1.1/PATHS/Material_Especialidad_2026-main/Material_Especialidad_2026-main/Clase_02_Chip_headers/Drivers/CMSIS/Include" -I"C:/Users/son_e/STM32CubeIDE/WS_glider/Plantilla_STM32F405RGT6/if_h" -O0 -ffunction-sections -fdata-sections -Wall -fstack-usage -fcyclomatic-complexity -MMD -MP -MF"if_c/spi_if.d" -MT"if_c/spi_if.o" --specs=nano.specs -mfpu=fpv4-sp-d16 -mfloat-abi=hard -mthumb -o "if_c/spi_if.o"
arm-none-eabi-gcc "../if_c/system_clock_if.c" -mcpu=cortex-m4 -std=gnu11 -g3 -DDEBUG -DSTM32 -DSTM32F4 -DSTM32F405RGTx -c -I../Inc -I"C:/Users/son_e/STM32CubeIDE/workspace_2.1.1/PATHS/Material_Especialidad_2026-main/Material_Especialidad_2026-main/Clase_02_Chip_headers/Drivers/CMSIS/Device/ST/STM32F4xx/Include" -I"C:/Users/son_e/STM32CubeIDE/workspace_2.1.1/PATHS/Material_Especialidad_2026-main/Material_Especialidad_2026-main/Clase_02_Chip_headers/Drivers/CMSIS/Include" -I"C:/Users/son_e/STM32CubeIDE/WS_glider/Plantilla_STM32F405RGT6/if_h" -O0 -ffunction-sections -fdata-sections -Wall -fstack-usage -fcyclomatic-complexity -MMD -MP -MF"if_c/system_clock_if.d" -MT"if_c/system_clock_if.o" --specs=nano.specs -mfpu=fpv4-sp-d16 -mfloat-abi=hard -mthumb -o "if_c/system_clock_if.o"
arm-none-eabi-gcc "../if_c/uart_if.c" -mcpu=cortex-m4 -std=gnu11 -g3 -DDEBUG -DSTM32 -DSTM32F4 -DSTM32F405RGTx -c -I../Inc -I"C:/Users/son_e/STM32CubeIDE/workspace_2.1.1/PATHS/Material_Especialidad_2026-main/Material_Especialidad_2026-main/Clase_02_Chip_headers/Drivers/CMSIS/Device/ST/STM32F4xx/Include" -I"C:/Users/son_e/STM32CubeIDE/workspace_2.1.1/PATHS/Material_Especialidad_2026-main/Material_Especialidad_2026-main/Clase_02_Chip_headers/Drivers/CMSIS/Include" -I"C:/Users/son_e/STM32CubeIDE/WS_glider/Plantilla_STM32F405RGT6/if_h" -O0 -ffunction-sections -fdata-sections -Wall -fstack-usage -fcyclomatic-complexity -MMD -MP -MF"if_c/uart_if.d" -MT"if_c/uart_if.o" --specs=nano.specs -mfpu=fpv4-sp-d16 -mfloat-abi=hard -mthumb -o "if_c/uart_if.o"
arm-none-eabi-gcc -mcpu=cortex-m4 -g3 -DDEBUG -c -x assembler-with-cpp -MMD -MP -MF"Startup/startup_stm32f405rgtx.d" -MT"Startup/startup_stm32f405rgtx.o" --specs=nano.specs -mfpu=fpv4-sp-d16 -mfloat-abi=hard -mthumb -o "Startup/startup_stm32f405rgtx.o" "../Startup/startup_stm32f405rgtx.s"
arm-none-eabi-gcc "../Src/i2c_driver.c" -mcpu=cortex-m4 -std=gnu11 -g3 -DDEBUG -DSTM32 -DSTM32F4 -DSTM32F405RGTx -c -I../Inc -I"C:/Users/son_e/STM32CubeIDE/workspace_2.1.1/PATHS/Material_Especialidad_2026-main/Material_Especialidad_2026-main/Clase_02_Chip_headers/Drivers/CMSIS/Device/ST/STM32F4xx/Include" -I"C:/Users/son_e/STM32CubeIDE/workspace_2.1.1/PATHS/Material_Especialidad_2026-main/Material_Especialidad_2026-main/Clase_02_Chip_headers/Drivers/CMSIS/Include" -I"C:/Users/son_e/STM32CubeIDE/WS_glider/Plantilla_STM32F405RGT6/if_h" -O0 -ffunction-sections -fdata-sections -Wall -fstack-usage -fcyclomatic-complexity -MMD -MP -MF"Src/i2c_driver.d" -MT"Src/i2c_driver.o" --specs=nano.specs -mfpu=fpv4-sp-d16 -mfloat-abi=hard -mthumb -o "Src/i2c_driver.o"
arm-none-eabi-gcc "../Src/main.c" -mcpu=cortex-m4 -std=gnu11 -g3 -DDEBUG -DSTM32 -DSTM32F4 -DSTM32F405RGTx -c -I../Inc -I"C:/Users/son_e/STM32CubeIDE/workspace_2.1.1/PATHS/Material_Especialidad_2026-main/Material_Especialidad_2026-main/Clase_02_Chip_headers/Drivers/CMSIS/Device/ST/STM32F4xx/Include" -I"C:/Users/son_e/STM32CubeIDE/workspace_2.1.1/PATHS/Material_Especialidad_2026-main/Material_Especialidad_2026-main/Clase_02_Chip_headers/Drivers/CMSIS/Include" -I"C:/Users/son_e/STM32CubeIDE/WS_glider/Plantilla_STM32F405RGT6/if_h" -O0 -ffunction-sections -fdata-sections -Wall -fstack-usage -fcyclomatic-complexity -MMD -MP -MF"Src/main.d" -MT"Src/main.o" --specs=nano.specs -mfpu=fpv4-sp-d16 -mfloat-abi=hard -mthumb -o "Src/main.o"
arm-none-eabi-gcc "../Src/spi_driver.c" -mcpu=cortex-m4 -std=gnu11 -g3 -DDEBUG -DSTM32 -DSTM32F4 -DSTM32F405RGTx -c -I../Inc -I"C:/Users/son_e/STM32CubeIDE/workspace_2.1.1/PATHS/Material_Especialidad_2026-main/Material_Especialidad_2026-main/Clase_02_Chip_headers/Drivers/CMSIS/Device/ST/STM32F4xx/Include" -I"C:/Users/son_e/STM32CubeIDE/workspace_2.1.1/PATHS/Material_Especialidad_2026-main/Material_Especialidad_2026-main/Clase_02_Chip_headers/Drivers/CMSIS/Include" -I"C:/Users/son_e/STM32CubeIDE/WS_glider/Plantilla_STM32F405RGT6/if_h" -O0 -ffunction-sections -fdata-sections -Wall -fstack-usage -fcyclomatic-complexity -MMD -MP -MF"Src/spi_driver.d" -MT"Src/spi_driver.o" --specs=nano.specs -mfpu=fpv4-sp-d16 -mfloat-abi=hard -mthumb -o "Src/spi_driver.o"
arm-none-eabi-gcc "../Src/syscalls.c" -mcpu=cortex-m4 -std=gnu11 -g3 -DDEBUG -DSTM32 -DSTM32F4 -DSTM32F405RGTx -c -I../Inc -I"C:/Users/son_e/STM32CubeIDE/workspace_2.1.1/PATHS/Material_Especialidad_2026-main/Material_Especialidad_2026-main/Clase_02_Chip_headers/Drivers/CMSIS/Device/ST/STM32F4xx/Include" -I"C:/Users/son_e/STM32CubeIDE/workspace_2.1.1/PATHS/Material_Especialidad_2026-main/Material_Especialidad_2026-main/Clase_02_Chip_headers/Drivers/CMSIS/Include" -I"C:/Users/son_e/STM32CubeIDE/WS_glider/Plantilla_STM32F405RGT6/if_h" -O0 -ffunction-sections -fdata-sections -Wall -fstack-usage -fcyclomatic-complexity -MMD -MP -MF"Src/syscalls.d" -MT"Src/syscalls.o" --specs=nano.specs -mfpu=fpv4-sp-d16 -mfloat-abi=hard -mthumb -o "Src/syscalls.o"
arm-none-eabi-gcc "../Src/sysmem.c" -mcpu=cortex-m4 -std=gnu11 -g3 -DDEBUG -DSTM32 -DSTM32F4 -DSTM32F405RGTx -c -I../Inc -I"C:/Users/son_e/STM32CubeIDE/workspace_2.1.1/PATHS/Material_Especialidad_2026-main/Material_Especialidad_2026-main/Clase_02_Chip_headers/Drivers/CMSIS/Device/ST/STM32F4xx/Include" -I"C:/Users/son_e/STM32CubeIDE/workspace_2.1.1/PATHS/Material_Especialidad_2026-main/Material_Especialidad_2026-main/Clase_02_Chip_headers/Drivers/CMSIS/Include" -I"C:/Users/son_e/STM32CubeIDE/WS_glider/Plantilla_STM32F405RGT6/if_h" -O0 -ffunction-sections -fdata-sections -Wall -fstack-usage -fcyclomatic-complexity -MMD -MP -MF"Src/sysmem.d" -MT"Src/sysmem.o" --specs=nano.specs -mfpu=fpv4-sp-d16 -mfloat-abi=hard -mthumb -o "Src/sysmem.o"
arm-none-eabi-gcc "../Src/system_clock_driver.c" -mcpu=cortex-m4 -std=gnu11 -g3 -DDEBUG -DSTM32 -DSTM32F4 -DSTM32F405RGTx -c -I../Inc -I"C:/Users/son_e/STM32CubeIDE/workspace_2.1.1/PATHS/Material_Especialidad_2026-main/Material_Especialidad_2026-main/Clase_02_Chip_headers/Drivers/CMSIS/Device/ST/STM32F4xx/Include" -I"C:/Users/son_e/STM32CubeIDE/workspace_2.1.1/PATHS/Material_Especialidad_2026-main/Material_Especialidad_2026-main/Clase_02_Chip_headers/Drivers/CMSIS/Include" -I"C:/Users/son_e/STM32CubeIDE/WS_glider/Plantilla_STM32F405RGT6/if_h" -O0 -ffunction-sections -fdata-sections -Wall -fstack-usage -fcyclomatic-complexity -MMD -MP -MF"Src/system_clock_driver.d" -MT"Src/system_clock_driver.o" --specs=nano.specs -mfpu=fpv4-sp-d16 -mfloat-abi=hard -mthumb -o "Src/system_clock_driver.o"
arm-none-eabi-gcc "../Src/uart_driver.c" -mcpu=cortex-m4 -std=gnu11 -g3 -DDEBUG -DSTM32 -DSTM32F4 -DSTM32F405RGTx -c -I../Inc -I"C:/Users/son_e/STM32CubeIDE/workspace_2.1.1/PATHS/Material_Especialidad_2026-main/Material_Especialidad_2026-main/Clase_02_Chip_headers/Drivers/CMSIS/Device/ST/STM32F4xx/Include" -I"C:/Users/son_e/STM32CubeIDE/workspace_2.1.1/PATHS/Material_Especialidad_2026-main/Material_Especialidad_2026-main/Clase_02_Chip_headers/Drivers/CMSIS/Include" -I"C:/Users/son_e/STM32CubeIDE/WS_glider/Plantilla_STM32F405RGT6/if_h" -O0 -ffunction-sections -fdata-sections -Wall -fstack-usage -fcyclomatic-complexity -MMD -MP -MF"Src/uart_driver.d" -MT"Src/uart_driver.o" --specs=nano.specs -mfpu=fpv4-sp-d16 -mfloat-abi=hard -mthumb -o "Src/uart_driver.o"
arm-none-eabi-gcc -o "Plantilla_STM32F405RGT6.elf" @"objects.list"   -mcpu=cortex-m4 -T"C:\Users\son_e\STM32CubeIDE\WS_glider\Plantilla_STM32F405RGT6\STM32F405RGTX_FLASH.ld" --specs=nosys.specs -Wl,-Map="Plantilla_STM32F405RGT6.map" -Wl,--gc-sections -static --specs=nano.specs -mfpu=fpv4-sp-d16 -mfloat-abi=hard -mthumb -Wl,--start-group -lc -lm -Wl,--end-group
Finished building target: Plantilla_STM32F405RGT6.elf
 
arm-none-eabi-size  Plantilla_STM32F405RGT6.elf 
arm-none-eabi-objdump -h -S Plantilla_STM32F405RGT6.elf  > "Plantilla_STM32F405RGT6.list"
   text	   data	    bss	    dec	    hex	filename
   4512	      0	   1568	   6080	   17c0	Plantilla_STM32F405RGT6.elf
arm-none-eabi-objcopy  -O ihex Plantilla_STM32F405RGT6.elf  "Plantilla_STM32F405RGT6.hex"
Finished building: default.size.stdout
 
Finished building: Plantilla_STM32F405RGT6.hex
 
Finished building: Plantilla_STM32F405RGT6.list
 
